../../Middlewares/ST/touchgfx/framework/include/touchgfx/Screen.hpp:104:18:virtual void touchgfx::Screen::afterTransition()	0	static
../../Middlewares/ST/touchgfx/framework/include/touchgfx/Screen.hpp:144:18:virtual void touchgfx::Screen::handleTickEvent()	0	static
../../Middlewares/ST/touchgfx/framework/include/touchgfx/Screen.hpp:154:18:virtual void touchgfx::Screen::handleKeyEvent(uint8_t)	0	static
/home/ethan/STM32CubeIDE/workspace_1.19.0/2048/TouchGFX/gui/src/homepage_screen/HomePageView.cpp:14:6:virtual void HomePageView::tearDownScreen()	0	static
../../TouchGFX/gui/include/gui/homepage_screen/HomePageView.hpp:11:13:HomePageView::~HomePageView()	8	static
../../TouchGFX/gui/include/gui/homepage_screen/HomePageView.hpp:11:13:virtual HomePageView::~HomePageView()	8	static
/home/ethan/STM32CubeIDE/workspace_1.19.0/2048/TouchGFX/gui/src/homepage_screen/HomePageView.cpp:3:1:HomePageView::HomePageView()	8	static
/home/ethan/STM32CubeIDE/workspace_1.19.0/2048/TouchGFX/gui/src/homepage_screen/HomePageView.cpp:8:6:virtual void HomePageView::setupScreen()	8	static
/home/ethan/STM32CubeIDE/workspace_1.19.0/2048/TouchGFX/gui/src/homepage_screen/HomePageView.cpp:19:6:void HomePageView::setBestScore(int)	8	static
