../../Middlewares/ST/touchgfx/framework/include/touchgfx/Drawable.hpp:315:18:virtual void touchgfx::Drawable::setX(int16_t)	0	static
../../Middlewares/ST/touchgfx/framework/include/touchgfx/Drawable.hpp:327:18:virtual void touchgfx::Drawable::setY(int16_t)	0	static
../../Middlewares/ST/touchgfx/framework/include/touchgfx/Drawable.hpp:356:18:virtual void touchgfx::Drawable::setWidth(int16_t)	0	static
../../Middlewares/ST/touchgfx/framework/include/touchgfx/Drawable.hpp:368:18:virtual void touchgfx::Drawable::setHeight(int16_t)	0	static
../../Middlewares/ST/touchgfx/framework/include/touchgfx/Drawable.hpp:378:18:virtual void touchgfx::Drawable::childGeometryChanged()	0	static
../../Middlewares/ST/touchgfx/framework/include/touchgfx/Drawable.hpp:389:18:virtual void touchgfx::Drawable::handleClickEvent(const touchgfx::ClickEvent&)	0	static
../../Middlewares/ST/touchgfx/framework/include/touchgfx/Drawable.hpp:401:18:virtual void touchgfx::Drawable::handleGestureEvent(const touchgfx::GestureEvent&)	0	static
../../Middlewares/ST/touchgfx/framework/include/touchgfx/Drawable.hpp:490:18:virtual void touchgfx::Drawable::handleDragEvent(const touchgfx::DragEvent&)	0	static
../../Middlewares/ST/touchgfx/framework/include/touchgfx/Drawable.hpp:501:18:virtual void touchgfx::Drawable::handleTickEvent()	0	static
../../Middlewares/ST/touchgfx/framework/include/touchgfx/Drawable.hpp:588:18:virtual void touchgfx::Drawable::moveTo(int16_t, int16_t)	4	static
../../Middlewares/ST/touchgfx/framework/include/touchgfx/containers/Container.hpp:165:23:virtual touchgfx::Drawable* touchgfx::Container::getFirstChild()	0	static
/home/ethan/STM32CubeIDE/workspace_1.19.0/2048/TouchGFX/gui/src/containers/PopUpWin.cpp:20:6:virtual void PopUpWin::continueClicked()	8	static
../../TouchGFX/gui/include/gui/containers/PopUpWin.hpp:11:13:PopUpWin::~PopUpWin()	8	static
../../TouchGFX/gui/include/gui/containers/PopUpWin.hpp:11:13:virtual PopUpWin::~PopUpWin()	8	static
../../Middlewares/ST/touchgfx/framework/include/touchgfx/Drawable.hpp:121:18:virtual void touchgfx::Drawable::invalidateContent() const	0	static
/home/ethan/STM32CubeIDE/workspace_1.19.0/2048/TouchGFX/gui/src/containers/PopUpWin.cpp:12:6:virtual void PopUpWin::retryClicked()	8	static
/home/ethan/STM32CubeIDE/workspace_1.19.0/2048/TouchGFX/gui/src/containers/PopUpWin.cpp:3:1:PopUpWin::PopUpWin()	8	static
/home/ethan/STM32CubeIDE/workspace_1.19.0/2048/TouchGFX/gui/src/containers/PopUpWin.cpp:7:6:virtual void PopUpWin::initialize()	0	static
