/home/ethan/STM32CubeIDE/workspace_1.19.0/2048/Core/Src/main.c:851:13:SPI5_Write	16	static
/home/ethan/STM32CubeIDE/workspace_1.19.0/2048/Core/Src/stm32f4xx_hal_adc.c:662:13:HAL_ADC_MspInit	0	static
/home/ethan/STM32CubeIDE/workspace_1.19.0/2048/Core/Src/stm32f4xx_hal_adc.c:311:19:HAL_ADC_Init	16	static
/home/ethan/STM32CubeIDE/workspace_1.19.0/2048/Core/Src/stm32f4xx_hal_adc.c:677:13:HAL_ADC_MspDeInit	0	static
/home/ethan/STM32CubeIDE/workspace_1.19.0/2048/Core/Src/stm32f4xx_hal_adc.c:405:19:HAL_ADC_DeInit	16	static
/home/ethan/STM32CubeIDE/workspace_1.19.0/2048/Core/Src/stm32f4xx_hal_adc.c:716:19:HAL_ADC_Start	8	static
/home/ethan/STM32CubeIDE/workspace_1.19.0/2048/Core/Src/stm32f4xx_hal_adc.c:839:19:HAL_ADC_Stop	0	static
/home/ethan/STM32CubeIDE/workspace_1.19.0/2048/Core/Src/stm32f4xx_hal_adc.c:882:19:HAL_ADC_PollForConversion	16	static
/home/ethan/STM32CubeIDE/workspace_1.19.0/2048/Core/Src/stm32f4xx_hal_adc.c:971:19:HAL_ADC_PollForEvent	24	static
/home/ethan/STM32CubeIDE/workspace_1.19.0/2048/Core/Src/stm32f4xx_hal_adc.c:1037:19:HAL_ADC_Start_IT	8	static
/home/ethan/STM32CubeIDE/workspace_1.19.0/2048/Core/Src/stm32f4xx_hal_adc.c:1162:19:HAL_ADC_Stop_IT	0	static
/home/ethan/STM32CubeIDE/workspace_1.19.0/2048/Core/Src/stm32f4xx_hal_adc.c:1364:19:HAL_ADC_Start_DMA	24	static
/home/ethan/STM32CubeIDE/workspace_1.19.0/2048/Core/Src/stm32f4xx_hal_adc.c:1512:19:HAL_ADC_Stop_DMA	8	static
/home/ethan/STM32CubeIDE/workspace_1.19.0/2048/Core/Src/stm32f4xx_hal_adc.c:1568:10:HAL_ADC_GetValue	0	static
/home/ethan/STM32CubeIDE/workspace_1.19.0/2048/Core/Src/stm32f4xx_hal_adc.c:1580:13:HAL_ADC_ConvCpltCallback	0	static
/home/ethan/STM32CubeIDE/workspace_1.19.0/2048/Core/Src/stm32f4xx_hal_adc_ex.c:1028:13:ADC_MultiModeDMAConvCplt	8	static
/home/ethan/STM32CubeIDE/workspace_1.19.0/2048/Core/Src/stm32f4xx_hal_adc.c:1595:13:HAL_ADC_ConvHalfCpltCallback	0	static
/home/ethan/STM32CubeIDE/workspace_1.19.0/2048/Core/Src/stm32f4xx_hal_adc.c:2063:13:ADC_DMAHalfConvCplt	8	static
/home/ethan/STM32CubeIDE/workspace_1.19.0/2048/Core/Src/stm32f4xx_hal_adc_ex.c:1081:13:ADC_MultiModeDMAHalfConvCplt	0	static
/home/ethan/STM32CubeIDE/workspace_1.19.0/2048/Core/Src/stm32f4xx_hal_adc.c:1610:13:HAL_ADC_LevelOutOfWindowCallback	0	static
/home/ethan/STM32CubeIDE/workspace_1.19.0/2048/Core/Src/stm32f4xx_hal_adc.c:1631:13:HAL_ADC_ErrorCallback	0	static
/home/ethan/STM32CubeIDE/workspace_1.19.0/2048/Core/Src/stm32f4xx_hal_adc.c:2080:13:ADC_DMAError	8	static
/home/ethan/STM32CubeIDE/workspace_1.19.0/2048/Core/Src/stm32f4xx_hal_adc_ex.c:1094:13:ADC_MultiModeDMAError	0	static
/home/ethan/STM32CubeIDE/workspace_1.19.0/2048/Core/Src/stm32f4xx_hal_adc.c:1994:13:ADC_DMAConvCplt	8	static
/home/ethan/STM32CubeIDE/workspace_1.19.0/2048/Core/Src/stm32f4xx_hal_adc.c:1669:19:HAL_ADC_ConfigChannel	32	static
/home/ethan/STM32CubeIDE/workspace_1.19.0/2048/Core/Src/main.c:986:17:Get_ADC_Value	32	static
/home/ethan/STM32CubeIDE/workspace_1.19.0/2048/Core/Src/main.c:1016:6:StartDefaultTask	40	static
/home/ethan/STM32CubeIDE/workspace_1.19.0/2048/Core/Src/stm32f4xx_hal_adc.c:1792:19:HAL_ADC_AnalogWDGConfig	8	static
/home/ethan/STM32CubeIDE/workspace_1.19.0/2048/Core/Src/stm32f4xx_hal_adc.c:1874:10:HAL_ADC_GetState	0	static
/home/ethan/STM32CubeIDE/workspace_1.19.0/2048/Core/Src/stm32f4xx_hal_adc.c:1886:10:HAL_ADC_GetError	0	static
/home/ethan/STM32CubeIDE/workspace_1.19.0/2048/Core/Src/stm32f4xx_hal_adc_ex.c:146:19:HAL_ADCEx_InjectedStart	8	static
/home/ethan/STM32CubeIDE/workspace_1.19.0/2048/Core/Src/stm32f4xx_hal_adc_ex.c:249:19:HAL_ADCEx_InjectedStart_IT	8	static
/home/ethan/STM32CubeIDE/workspace_1.19.0/2048/Core/Src/stm32f4xx_hal_adc_ex.c:360:19:HAL_ADCEx_InjectedStop	0	static
/home/ethan/STM32CubeIDE/workspace_1.19.0/2048/Core/Src/stm32f4xx_hal_adc_ex.c:414:19:HAL_ADCEx_InjectedPollForConversion	16	static
/home/ethan/STM32CubeIDE/workspace_1.19.0/2048/Core/Src/stm32f4xx_hal_adc_ex.c:485:19:HAL_ADCEx_InjectedStop_IT	0	static
/home/ethan/STM32CubeIDE/workspace_1.19.0/2048/Core/Src/stm32f4xx_hal_adc_ex.c:547:10:HAL_ADCEx_InjectedGetValue	8	static
/home/ethan/STM32CubeIDE/workspace_1.19.0/2048/Core/Src/stm32f4xx_hal_adc_ex.c:598:19:HAL_ADCEx_MultiModeStart_DMA	24	static
/home/ethan/STM32CubeIDE/workspace_1.19.0/2048/Core/Src/stm32f4xx_hal_adc_ex.c:725:19:HAL_ADCEx_MultiModeStop_DMA	8	static
/home/ethan/STM32CubeIDE/workspace_1.19.0/2048/Core/Src/stm32f4xx_hal_adc_ex.c:778:10:HAL_ADCEx_MultiModeGetValue	0	static
/home/ethan/STM32CubeIDE/workspace_1.19.0/2048/Core/Src/stm32f4xx_hal_adc_ex.c:800:13:HAL_ADCEx_InjectedConvCpltCallback	0	static
/home/ethan/STM32CubeIDE/workspace_1.19.0/2048/Core/Src/stm32f4xx_hal_adc.c:1199:6:HAL_ADC_IRQHandler	16	static
/home/ethan/STM32CubeIDE/workspace_1.19.0/2048/Core/Src/stm32f4xx_hal_adc_ex.c:817:19:HAL_ADCEx_InjectedConfigChannel	20	static
/home/ethan/STM32CubeIDE/workspace_1.19.0/2048/Core/Src/stm32f4xx_hal_adc_ex.c:981:19:HAL_ADCEx_MultiModeConfigChannel	8	static
/home/ethan/STM32CubeIDE/workspace_1.19.0/2048/Core/Src/main.c:257:6:SystemClock_Config	96	static
/home/ethan/STM32CubeIDE/workspace_1.19.0/2048/Core/Src/main.c:162:5:main	128	static
/home/ethan/STM32CubeIDE/workspace_1.19.0/2048/Core/Src/main.c:695:6:IOE_Init	0	static
/home/ethan/STM32CubeIDE/workspace_1.19.0/2048/Core/Src/main.c:704:6:IOE_ITConfig	0	static
/home/ethan/STM32CubeIDE/workspace_1.19.0/2048/Core/Src/main.c:716:6:IOE_Write	32	static
/home/ethan/STM32CubeIDE/workspace_1.19.0/2048/Core/Src/main.c:727:9:IOE_Read	32	static
/home/ethan/STM32CubeIDE/workspace_1.19.0/2048/Core/Src/main.c:740:10:IOE_ReadMultiple	24	static
/home/ethan/STM32CubeIDE/workspace_1.19.0/2048/Core/Src/main.c:749:6:IOE_Delay	0	static
/home/ethan/STM32CubeIDE/workspace_1.19.0/2048/Core/Src/main.c:877:6:LCD_IO_Init	8	static
/home/ethan/STM32CubeIDE/workspace_1.19.0/2048/Core/Src/main.c:887:6:LCD_IO_WriteData	16	static
/home/ethan/STM32CubeIDE/workspace_1.19.0/2048/Core/Src/main.c:903:6:LCD_IO_WriteReg	16	static
/home/ethan/STM32CubeIDE/workspace_1.19.0/2048/Core/Src/main.c:922:10:LCD_IO_ReadData	32	static
/home/ethan/STM32CubeIDE/workspace_1.19.0/2048/Core/Src/main.c:949:6:LCD_Delay	0	static
/home/ethan/STM32CubeIDE/workspace_1.19.0/2048/Core/Src/main.c:1096:6:HAL_TIM_PeriodElapsedCallback	0	static
/home/ethan/STM32CubeIDE/workspace_1.19.0/2048/Core/Src/main.c:1113:6:Error_Handler	0	static
